C:\Users\hp\eclipse-workspace\SathyaProject\src\main\java\bSathyaPages\LoginPage.java
C:\Users\hp\eclipse-workspace\SathyaProject\src\main\java\fSathyaExtentReportListener\package-info.java
C:\Users\hp\eclipse-workspace\SathyaProject\src\main\java\bSathyaPages\HomePage.java
C:\Users\hp\eclipse-workspace\SathyaProject\src\main\java\bSathyaPages\TelevisionPage.java
C:\Users\hp\eclipse-workspace\SathyaProject\src\main\java\bSathyaPages\UltraHDTvPage.java
C:\Users\hp\eclipse-workspace\SathyaProject\src\main\java\dSathyaUtil\package-info.java
C:\Users\hp\eclipse-workspace\SathyaProject\src\main\java\cSathyaConfig\package-info.java
C:\Users\hp\eclipse-workspace\SathyaProject\src\main\java\fSathyaExtentReportListener\SathyaTestNGListener.java
C:\Users\hp\eclipse-workspace\SathyaProject\src\main\java\fSathyaExtentReportListener\SathyaRuntimeLogic.java
C:\Users\hp\eclipse-workspace\SathyaProject\src\main\java\aSathyaBasement\package-info.java
C:\Users\hp\eclipse-workspace\SathyaProject\src\main\java\bSathyaPages\SamsungTv3.java
C:\Users\hp\eclipse-workspace\SathyaProject\src\main\java\bSathyaPages\SamsungTv4.java
C:\Users\hp\eclipse-workspace\SathyaProject\src\main\java\bSathyaPages\SamsungTv1.java
C:\Users\hp\eclipse-workspace\SathyaProject\src\main\java\dSathyaUtil\SathyaUtil.java
C:\Users\hp\eclipse-workspace\SathyaProject\src\main\java\eSathyaTestData\package-info.java
C:\Users\hp\eclipse-workspace\SathyaProject\src\main\java\fSathyaExtentReportListener\SathyaRetryAnalyzer.java
C:\Users\hp\eclipse-workspace\SathyaProject\src\main\java\aSathyaBasement\Basement.java
C:\Users\hp\eclipse-workspace\SathyaProject\src\main\java\bSathyaPages\SamsungTv2.java
C:\Users\hp\eclipse-workspace\SathyaProject\src\main\java\bSathyaPages\package-info.java
C:\Users\hp\eclipse-workspace\SathyaProject\src\main\java\fSathyaExtentReportListener\SathyaExtentReport.java
